<html>
<body>
<pre>
<h1>µVision Build Log</h1>
<h2>Project:</h2>
E:\Practice\Embeded Systems\LabSheet 1\PracticeI.uvproj
Project File Date:  03/05/2018

<h2>Output:</h2>
Build target 'Target 1'
assembling Q1.asm...
assembling p7.ASM...
p7.ASM(9): warning: A1313W: Missing END directive at end of file
linking...
Program Size: Code=48 RO-data=0 RW-data=0 ZI-data=0  
".\PracticeI.axf" - 0 Error(s), 1 Warning(s).
</pre>
</body>
</html>

Q1.asm(6): error: A1186E: Code generated in data area
Q1.asm(7): error: A1186E: Code generated in data area
Q1.asm(8): error: A1186E: Code generated in data area
".\PracticeI.axf" - 7 Error(s), 0 Warning(s).
Target not created
